[2026-06-12 14:50:00] SPRINT 1 - IMPLEMENTASI PERCABANGAN & BOOLEAN
- Menambahkan TokenType baru di src/lexer/token.js: IF, THEN, ELSE, TRUE, FALSE, GT, LT, GTE, LTE, EQ, NEQ.
- Memperbarui src/lexer/lexer.js: Menambahkan logika untuk kata kunci 'jika', 'maka', 'selain', 'benar', 'salah' di readWord(), serta operator perbandingan di getNextToken().
- Memperbarui src/parser/parser.js: Menambahkan parsing literal boolean di parseExpression(), parseVariableDeclaration() dengan BOOLEAN_TYPE, dan implementasi parseIfStatement() untuk parse struktur percabangan.
- Memperbarui src/interpreter/interpreter.js: Menambahkan evaluasi ekspresi biner perbandingan, literal boolean, dan penanganan percabangan IfStatement.
- Membuat berkas contoh examples/kondisi.nlpsx untuk pengujian percabangan.
- Memperbarui docs/roadmap-current.md dan docs/roadmap-global.md.

[2026-06-12 14:57:00] SPRINT 2 (REFACTORING) - WHITESPACE, SISTEM EROR & UNIT TESTING
- Memperbarui src/lexer/lexer.js:
  * Memperbaiki advance() agar mendeteksi '\n' lalu menaikkan baris (line) dan mereset kolom (column).
  * Menyimpan koordinat baris/kolom awal di readWord(), readNumber(), readString(), dan getNextToken().
- Memperbarui src/parser/parser.js:
  * Menyimpan properti 'line' dan 'column' pada seluruh AST nodes (VariableDeclaration, PrintStatement, BinaryExpression, IfStatement).
  * Memperbaiki consume() dan parsing-methods agar melempar Error Sintaks yang informatif beserta koordinat baris dan kolom.
- Memperbarui src/interpreter/interpreter.js:
  * Menambahkan parameter outputFn pada constructor (default console.log) untuk kebutuhan penangkapan keluaran di unit test.
  * Melempar Error Runtime yang informatif dengan melampirkan info baris dan kolom dari AST node yang bersangkutan.
- Memperbarui src/main.js: Menambahkan kemampuan membaca berkas input dari argumen CLI (argv).
- Membuat berkas unit test baru di tests/run_tests.js untuk menguji kasus sukses dan kasus eror secara otomatis.
- Hasil Uji: 6/6 test cases lolos dengan sukses.

[2026-06-12 15:02:00] SPRINT 3 - DESIMAL, ESCAPE STRING & TYPE SAFETY
- Memperbarui src/lexer/token.js: Menambahkan token MINUS, STAR, dan SLASH.
- Memperbarui src/lexer/lexer.js:
  * Memperbarui readNumber() untuk mendukung parsing angka pecahan (float/desimal) dengan pemisah titik (.).
  * Memperbarui readString() untuk memproses escape characters (\n, \t, \", \\).
  * Memperbarui getNextToken() untuk mendeteksi operator matematika -, *, /.
- Memperbarui src/parser/parser.js:
  * Menambahkan penanganan UnaryExpression di parseExpression() untuk mendukung angka negatif (uner -).
  * Menambahkan operator biner baru (-, *, /) dalam daftar operator biner yang valid.
- Memperbarui src/interpreter/interpreter.js:
  * Menambahkan validasi tipe data (Type Safety) pada VariableDeclaration di execute() saat runtime (angka -> number, teks -> string, boolean -> boolean).
  * Menambahkan evaluasi UnaryExpression di evaluate().
  * Menambahkan penanganan evaluasi operasi biner baru (-, *, /) beserta penanganan pembagian dengan nol.
- Memperbarui tests/run_tests.js: Menambahkan 5 kasus pengujian baru (bilangan desimal, negasi, escape string, dan 3 jenis eror type safety).
- Hasil Uji: 11/11 test cases lolos dengan sukses.

[2026-06-12 15:30:00] DOKUMENTASI FITUR
- Membuat berkas dokumentasi baru docs/fitur-bahasa.md yang menjelaskan seluruh fitur yang didukung oleh NLPSX saat ini beserta contoh kodenya.

[2026-06-12 15:43:00] SPRINT 4 - SISTEM EROR RAMAH PEMULA (FRIENDLY ERROR)
- Memperbarui src/lexer/lexer.js: Memoles pesan eror untuk string tidak ditutup, karakter !, dan karakter tidak dikenal agar bermakna ramah manusia.
- Memperbarui src/parser/parser.js:
  * Memoles consume() agar melempar eror sintaks terperinci beserta koordinat baris/kolom dan tips tambahan yang dinamis (misal: tips lupa menulis 'maka').
  * Memoles parseExpression(), parseVariableDeclaration(), parsePrintStatement(), dan parseStatement() untuk pesan eror ramah pemula.
- Memperbarui src/interpreter/interpreter.js:
  * Memoles pesan eror runtime saat eksekusi variabel belum dideklarasikan.
  * Memoles pesan eror runtime saat terjadi kegagalan type safety checking pada runtime.
  * Memoles pesan eror runtime untuk pembagian dengan nol.
- Memperbarui tests/run_tests.js: Menyesuaikan ekspektasi string eror pada unit test agar cocok dengan format Friendly Error yang baru.
- Hasil Uji: 11/11 test cases lolos dengan sukses.

[2026-06-12 15:56:00] UPDATE README.MD
- Menambahkan bab "Fitur Utama (Pembeda NLPSX)" pada README.md untuk menjelaskan kelebihan unik NLPSX (sintaks natural lokal, type safety default, friendly error, dukungan desimal/escape, arsitektur modular).

[2026-06-12 15:58:00] REVISI ROADMAP GLOBAL
- Memperbarui docs/roadmap-global.md untuk menandai Else Statement sebagai [x] (selesai), Error System sebagai [x] (selesai v1), dan NLPSX CLI sebagai [/] (selesai sebagian untuk basic runner).

[2026-06-13 02:36:00] SPRINT 5 - DESAIN ULANG SINTAKSIS ALAMI (ADALAH & SELESAI)
- Memperbarui src/lexer/token.js:
  * Menghapus TokenType.CREATE (buat) dan menambahkan TokenType.IS (adalah) serta TokenType.SELESAI (selesai).
- Memperbarui src/lexer/lexer.js:
  * Memperbarui readWord() untuk memetakan kata 'adalah' ke TokenType.IS dan kata 'selesai' ke TokenType.SELESAI. Menghapus keyword 'buat'.
- Memperbarui src/parser/parser.js:
  * Mengubah parseVariableDeclaration() untuk memproses inisialisasi variabel dengan format: <tipe_data> <nama> adalah <nilai>.
  * Mengubah parseIfStatement() untuk memproses blok consequent dan alternate yang ditutup menggunakan kata kunci 'selesai'.
  * Mengubah parseLoopStatement() dan parseFunctionDeclaration() agar tubuh blok ditutup menggunakan kata kunci 'selesai' melalui fungsi bantu parseBlock().
  * Menyesuaikan parseStatement() agar mendeteksi tipe data (teks, angka, boolean) secara langsung untuk memulai deklarasi variabel.
- Memperbarui src/interpreter/interpreter.js:
  * Menyesuaikan pesan kesalahan runtime tentang variabel belum dideklarasikan agar mengarahkan pengguna untuk mendeklarasikan menggunakan kata kunci 'adalah'.
- Memperbarui tests/run_tests.js:
  * Menulis ulang seluruh 26 skenario pengujian dengan sintaks baru (menggunakan 'adalah' dan 'selesai') dan menyesuaikan asersi kesalahan.
  * Hasil Uji: 26/26 pengujian berhasil dilewati.
- Memperbarui dokumentasi di docs/fitur-bahasa.md dan docs/language-spec-v0.1.md agar selaras dengan spesifikasi sintaksis baru.
- Menambahkan dukungan pemisah opsional titik koma (TokenType.SEMICOLON `;`) di Lexer, Parser, dan Tests (27/27 pengujian berhasil dilewati).
- Menambahkan dukungan sinonim teks Bahasa Indonesia untuk operator perbandingan (sama dengan/adalah -> ==, bukan -> !=, lebih dari -> >, kurang dari -> <, minimal -> >=, maksimal -> <=) di Lexer, Parser, Tests, dan Dokumentasi (28/28 pengujian berhasil dilewati).
- Menambahkan dukungan penulisan komentar satu baris menggunakan simbol `#` dan `//` di Lexer, Tests, dan Dokumentasi (29/29 pengujian berhasil dilewati).
